Component: ARM Compiler 5.06 update 7 (build 960) Tool: armlink [4d3601]

==============================================================================

Small function inlining results

Inlined function __aeabi_idiv0 from aeabi_idiv0.o at offset 0x154 in aeabi_sdiv.o(.text).
Inlined Instruction: BX       lr
Inlined function __aeabi_idiv0 from aeabi_idiv0.o at offset 0x154 in aeabi_sdiv_div0.o(.text).
Inlined Instruction: BX       lr
Inlined function _platform_pre_stackheap_init from boardinit1.o at offset 0x0 in __rtentry2.o(.ARM.Collect$$rtentry$$00000001).
Inlined Instruction: BX       lr
Inlined function _fp_init from fpinit.o at offset 0x0 in libinit2.o(.ARM.Collect$$libinit$$00000001).
Inlined Instruction: BX       lr
Inlined function _platform_pre_lib_shutdown from boardshut.o at offset 0x0 in rtexit2.o(.ARM.Collect$$rtexit$$00000001).
Inlined Instruction: BX       lr
Inlined function __ARM_get_argv from no_argv.o at offset 0x2 in argv_veneer.o(.text).
Inlined Instruction: BX       lr
Inlined total of 6 calls.

==============================================================================

Section Cross References

    system_nuc1xx.o(i.SystemCoreClockUpdate) refers to aeabi_sdiv.o(.text) for __aeabi_uidivmod
    system_nuc1xx.o(i.SystemCoreClockUpdate) refers to system_nuc1xx.o(.data) for gau32ClkSrcTbl
    startup_nuc1xx.o(STACK) refers (Special) to heapauxi.o(.text) for __use_two_region_memory
    startup_nuc1xx.o(HEAP) refers (Special) to heapauxi.o(.text) for __use_two_region_memory
    startup_nuc1xx.o(RESET) refers (Special) to heapauxi.o(.text) for __use_two_region_memory
    startup_nuc1xx.o(RESET) refers to startup_nuc1xx.o(STACK) for __initial_sp
    startup_nuc1xx.o(RESET) refers to startup_nuc1xx.o(.text) for Reset_Handler
    startup_nuc1xx.o(RESET) refers to sys.o(i.BOD_IRQHandler) for BOD_IRQHandler
    startup_nuc1xx.o(RESET) refers to gpio.o(i.EINT0_IRQHandler) for EINT0_IRQHandler
    startup_nuc1xx.o(RESET) refers to gpio.o(i.EINT1_IRQHandler) for EINT1_IRQHandler
    startup_nuc1xx.o(RESET) refers to gpio.o(i.GPAB_IRQHandler) for GPAB_IRQHandler
    startup_nuc1xx.o(RESET) refers to gpio.o(i.GPCDE_IRQHandler) for GPCDE_IRQHandler
    startup_nuc1xx.o(RESET) refers to main.o(i.TMR0_IRQHandler) for TMR0_IRQHandler
    startup_nuc1xx.o(RESET) refers to main.o(i.TMR1_IRQHandler) for TMR1_IRQHandler
    startup_nuc1xx.o(RESET) refers to spi.o(i.SPI0_IRQHandler) for SPI0_IRQHandler
    startup_nuc1xx.o(RESET) refers to spi.o(i.SPI1_IRQHandler) for SPI1_IRQHandler
    startup_nuc1xx.o(RESET) refers to spi.o(i.SPI2_IRQHandler) for SPI2_IRQHandler
    startup_nuc1xx.o(RESET) refers to spi.o(i.SPI3_IRQHandler) for SPI3_IRQHandler
    startup_nuc1xx.o(RESET) refers to sys.o(i.PWRWU_IRQHandler) for PWRWU_IRQHandler
    startup_nuc1xx.o(.text) refers (Special) to heapauxi.o(.text) for __use_two_region_memory
    startup_nuc1xx.o(.text) refers to system_nuc1xx.o(i.SystemInit) for SystemInit
    startup_nuc1xx.o(.text) refers to __main.o(!!!main) for __main
    startup_nuc1xx.o(.text) refers to startup_nuc1xx.o(HEAP) for Heap_Mem
    startup_nuc1xx.o(.text) refers to startup_nuc1xx.o(STACK) for Stack_Mem
    lcd.o(i.clear_LCD) refers to lcd.o(i.lcdSetAddr) for lcdSetAddr
    lcd.o(i.clear_LCD) refers to lcd.o(i.lcdWriteData) for lcdWriteData
    lcd.o(i.clear_LCD) refers to lcd.o(.bss) for DisplayBuffer
    lcd.o(i.draw_Bmp16x16) refers to lcd.o(i.draw_Pixel) for draw_Pixel
    lcd.o(i.draw_Bmp16x32) refers to lcd.o(i.draw_Pixel) for draw_Pixel
    lcd.o(i.draw_Bmp16x48) refers to lcd.o(i.draw_Pixel) for draw_Pixel
    lcd.o(i.draw_Bmp16x64) refers to lcd.o(i.draw_Pixel) for draw_Pixel
    lcd.o(i.draw_Bmp16x8) refers to lcd.o(i.draw_Pixel) for draw_Pixel
    lcd.o(i.draw_Bmp32x16) refers to lcd.o(i.draw_Pixel) for draw_Pixel
    lcd.o(i.draw_Bmp32x32) refers to lcd.o(i.draw_Pixel) for draw_Pixel
    lcd.o(i.draw_Bmp32x48) refers to lcd.o(i.draw_Pixel) for draw_Pixel
    lcd.o(i.draw_Bmp32x64) refers to lcd.o(i.draw_Pixel) for draw_Pixel
    lcd.o(i.draw_Bmp64x64) refers to lcd.o(i.draw_Pixel) for draw_Pixel
    lcd.o(i.draw_Bmp8x16) refers to lcd.o(i.draw_Pixel) for draw_Pixel
    lcd.o(i.draw_Bmp8x8) refers to lcd.o(i.draw_Pixel) for draw_Pixel
    lcd.o(i.draw_LCD) refers to lcd.o(i.lcdSetAddr) for lcdSetAddr
    lcd.o(i.draw_LCD) refers to lcd.o(i.lcdWriteData) for lcdWriteData
    lcd.o(i.draw_Pixel) refers to lcd.o(i.lcdSetAddr) for lcdSetAddr
    lcd.o(i.draw_Pixel) refers to lcd.o(i.lcdWriteData) for lcdWriteData
    lcd.o(i.draw_Pixel) refers to lcd.o(.bss) for DisplayBuffer
    lcd.o(i.init_LCD) refers to lcd.o(i.init_SPI3) for init_SPI3
    lcd.o(i.init_LCD) refers to lcd.o(i.lcdWriteCommand) for lcdWriteCommand
    lcd.o(i.init_SPI3) refers to gpio.o(i.DrvGPIO_InitFunction) for DrvGPIO_InitFunction
    lcd.o(i.init_SPI3) refers to spi.o(i.DrvSPI_Open) for DrvSPI_Open
    lcd.o(i.init_SPI3) refers to spi.o(i.DrvSPI_SetEndian) for DrvSPI_SetEndian
    lcd.o(i.init_SPI3) refers to spi.o(i.DrvSPI_DisableAutoSS) for DrvSPI_DisableAutoSS
    lcd.o(i.init_SPI3) refers to spi.o(i.DrvSPI_SetSlaveSelectActiveLevel) for DrvSPI_SetSlaveSelectActiveLevel
    lcd.o(i.init_SPI3) refers to spi.o(i.DrvSPI_SetClockFreq) for DrvSPI_SetClockFreq
    lcd.o(i.lcdSetAddr) refers to lcd.o(.data) for SPI_PORT
    lcd.o(i.lcdWriteCommand) refers to spi.o(i.DrvSPI_IsBusy) for DrvSPI_IsBusy
    lcd.o(i.lcdWriteCommand) refers to lcd.o(.data) for SPI_PORT
    lcd.o(i.lcdWriteData) refers to lcd.o(.data) for SPI_PORT
    lcd.o(i.printC) refers to lcd.o(i.lcdSetAddr) for lcdSetAddr
    lcd.o(i.printC) refers to lcd.o(i.lcdWriteData) for lcdWriteData
    lcd.o(i.printC) refers to lcd.o(.data) for Font8x16
    lcd.o(i.printC_5x7) refers to lcd.o(i.lcdSetAddr) for lcdSetAddr
    lcd.o(i.printC_5x7) refers to lcd.o(i.lcdWriteData) for lcdWriteData
    lcd.o(i.printC_5x7) refers to lcd.o(.data) for Font5x7
    lcd.o(i.printS) refers to lcd.o(i.printC) for printC
    lcd.o(i.printS) refers to strlen.o(.text) for strlen
    lcd.o(i.printS_5x7) refers to lcd.o(i.printC_5x7) for printC_5x7
    lcd.o(i.printS_5x7) refers to strlen.o(.text) for strlen
    lcd.o(i.print_Line) refers to lcd.o(i.printC) for printC
    lcd.o(i.print_Line) refers to strlen.o(.text) for strlen
    main.o(i.InitTIMER0) refers to main.o(i.NVIC_EnableIRQ) for NVIC_EnableIRQ
    main.o(i.InitTIMER1) refers to main.o(i.NVIC_EnableIRQ) for NVIC_EnableIRQ
    main.o(i.Init_LED) refers to gpio.o(i.DrvGPIO_Open) for DrvGPIO_Open
    main.o(i.Init_LED) refers to gpio.o(i.DrvGPIO_SetBit) for DrvGPIO_SetBit
    main.o(i.LCD_display) refers to faddsub.o(x$fpl$frsb) for __aeabi_frsub
    main.o(i.LCD_display) refers to f2d.o(.text) for __aeabi_f2d
    main.o(i.LCD_display) refers to abs.o(.text) for abs
    main.o(i.LCD_display) refers to fflti.o(.text) for __aeabi_i2f
    main.o(i.LCD_display) refers to fdiv.o(.text) for __aeabi_fdiv
    main.o(i.LCD_display) refers to fmul.o(x$fpl$fmul) for __aeabi_fmul
    main.o(i.LCD_display) refers to ffixi.o(.text) for __aeabi_f2iz
    main.o(i.LCD_display) refers to lcd.o(i.clear_LCD) for clear_LCD
    main.o(i.LED_display) refers to f2d.o(.text) for __aeabi_f2d
    main.o(i.LED_display) refers to drlef.o(x$fpl$drleqf) for __aeabi_cdrcmple
    main.o(i.LED_display) refers to gpio.o(i.DrvGPIO_SetBit) for DrvGPIO_SetBit
    main.o(i.LED_display) refers to gpio.o(i.DrvGPIO_ClrBit) for DrvGPIO_ClrBit
    main.o(i.TMR0_IRQHandler) refers to gpio.o(i.DrvGPIO_ClrBit) for DrvGPIO_ClrBit
    main.o(i.TMR0_IRQHandler) refers to sys.o(i.DrvSYS_Delay) for DrvSYS_Delay
    main.o(i.TMR0_IRQHandler) refers to gpio.o(i.DrvGPIO_SetBit) for DrvGPIO_SetBit
    main.o(i.TMR1_IRQHandler) refers to gpio.o(i.DrvGPIO_ClrBit) for DrvGPIO_ClrBit
    main.o(i.TMR1_IRQHandler) refers to sys.o(i.DrvSYS_Delay) for DrvSYS_Delay
    main.o(i.TMR1_IRQHandler) refers to gpio.o(i.DrvGPIO_SetBit) for DrvGPIO_SetBit
    main.o(i.main) refers to lcd.o(i.init_LCD) for init_LCD
    main.o(i.main) refers to main.o(i.InitADC) for InitADC
    main.o(i.main) refers to lcd.o(i.clear_LCD) for clear_LCD
    main.o(i.main) refers to main.o(i.Init_LED) for Init_LED
    main.o(i.main) refers to lcd.o(i.print_Line) for print_Line
    main.o(i.main) refers to main.o(i.InitTIMER0) for InitTIMER0
    main.o(i.main) refers to main.o(i.InitTIMER1) for InitTIMER1
    main.o(i.main) refers to fflti.o(.text) for __aeabi_ui2f
    main.o(i.main) refers to main.o(i.LED_display) for LED_display
    main.o(i.main) refers to main.o(i.LCD_display) for LCD_display
    main.o(i.main) refers to sys.o(i.DrvSYS_Delay) for DrvSYS_Delay
    scankey.o(i.CloseKeyPad) refers to gpio.o(i.DrvGPIO_Close) for DrvGPIO_Close
    scankey.o(i.OpenKeyPad) refers to gpio.o(i.DrvGPIO_Open) for DrvGPIO_Open
    scankey.o(i.ScanKey) refers to gpio.o(i.DrvGPIO_SetBit) for DrvGPIO_SetBit
    scankey.o(i.ScanKey) refers to gpio.o(i.DrvGPIO_ClrBit) for DrvGPIO_ClrBit
    scankey.o(i.ScanKey) refers to scankey.o(i.delay) for delay
    scankey.o(i.ScanKey) refers to gpio.o(i.DrvGPIO_GetBit) for DrvGPIO_GetBit
    scankey.o(i.ScanKey) refers to scankey.o(.constdata) for .constdata
    seven_segment.o(i.close_seven_segment) refers to gpio.o(i.DrvGPIO_ClrBit) for DrvGPIO_ClrBit
    seven_segment.o(i.show_seven_segment) refers to gpio.o(i.DrvGPIO_SetBit) for DrvGPIO_SetBit
    seven_segment.o(i.show_seven_segment) refers to gpio.o(i.DrvGPIO_ClrBit) for DrvGPIO_ClrBit
    seven_segment.o(i.show_seven_segment) refers to seven_segment.o(.data) for SEG_BUF
    gpio.o(i.DrvGPIO_ClrPortMask) refers to gpio.o(i.DrvGPIO_GetPortMask) for DrvGPIO_GetPortMask
    gpio.o(i.DrvGPIO_DisableEINT0) refers to gpio.o(i.NVIC_DisableIRQ) for NVIC_DisableIRQ
    gpio.o(i.DrvGPIO_DisableEINT1) refers to gpio.o(i.NVIC_DisableIRQ) for NVIC_DisableIRQ
    gpio.o(i.DrvGPIO_DisableInt) refers to gpio.o(i.NVIC_DisableIRQ) for NVIC_DisableIRQ
    gpio.o(i.DrvGPIO_EnableEINT0) refers to gpio.o(i.NVIC_SetPriority) for NVIC_SetPriority
    gpio.o(i.DrvGPIO_EnableEINT0) refers to gpio.o(i.NVIC_EnableIRQ) for NVIC_EnableIRQ
    gpio.o(i.DrvGPIO_EnableEINT0) refers to gpio.o(.data) for _pfEINT0Callback
    gpio.o(i.DrvGPIO_EnableEINT1) refers to gpio.o(i.NVIC_SetPriority) for NVIC_SetPriority
    gpio.o(i.DrvGPIO_EnableEINT1) refers to gpio.o(i.NVIC_EnableIRQ) for NVIC_EnableIRQ
    gpio.o(i.DrvGPIO_EnableEINT1) refers to gpio.o(.data) for _pfEINT1Callback
    gpio.o(i.DrvGPIO_EnableInt) refers to gpio.o(i.NVIC_SetPriority) for NVIC_SetPriority
    gpio.o(i.DrvGPIO_EnableInt) refers to gpio.o(i.NVIC_EnableIRQ) for NVIC_EnableIRQ
    gpio.o(i.DrvGPIO_InitFunction) refers to gpio.o(i.__ARM_common_switch8) for __ARM_common_switch8
    gpio.o(i.DrvGPIO_SetIntCallback) refers to gpio.o(.data) for _pfGPABCallback
    gpio.o(i.DrvGPIO_SetPortMask) refers to gpio.o(i.DrvGPIO_GetPortMask) for DrvGPIO_GetPortMask
    gpio.o(i.EINT0_IRQHandler) refers to gpio.o(.data) for _pfEINT0Callback
    gpio.o(i.EINT1_IRQHandler) refers to gpio.o(.data) for _pfEINT1Callback
    gpio.o(i.GPAB_IRQHandler) refers to gpio.o(.data) for _pfGPABCallback
    gpio.o(i.GPCDE_IRQHandler) refers to gpio.o(.data) for _pfGPCDECallback
    sys.o(i.BOD_IRQHandler) refers to sys.o(.data) for BOD_callbackFn
    sys.o(i.DrvSYS_Delay) refers to system_nuc1xx.o(.data) for CyclesPerUs
    sys.o(i.DrvSYS_GetChipClockSourceStatus) refers to gpio.o(i.__ARM_common_switch8) for __ARM_common_switch8
    sys.o(i.DrvSYS_GetHCLKFreq) refers to sys.o(i.DrvSYS_GetPLLClockFreq) for DrvSYS_GetPLLClockFreq
    sys.o(i.DrvSYS_GetHCLKFreq) refers to aeabi_sdiv.o(.text) for __aeabi_uidivmod
    sys.o(i.DrvSYS_GetPLLClockFreq) refers to aeabi_sdiv.o(.text) for __aeabi_uidivmod
    sys.o(i.DrvSYS_GetPLLClockFreq) refers to sys.o(.constdata) for .constdata
    sys.o(i.DrvSYS_GetPLLContent) refers to aeabi_sdiv.o(.text) for __aeabi_uidivmod
    sys.o(i.DrvSYS_Open) refers to sys.o(i.DrvSYS_IsProtectedRegLocked) for DrvSYS_IsProtectedRegLocked
    sys.o(i.DrvSYS_Open) refers to sys.o(i.DrvSYS_GetPLLContent) for DrvSYS_GetPLLContent
    sys.o(i.DrvSYS_Open) refers to sys.o(i.DrvSYS_SetPLLContent) for DrvSYS_SetPLLContent
    sys.o(i.DrvSYS_Open) refers to sys.o(i.DrvSYS_SelectHCLKSource) for DrvSYS_SelectHCLKSource
    sys.o(i.DrvSYS_SelectHCLKSource) refers to system_nuc1xx.o(i.SystemCoreClockUpdate) for SystemCoreClockUpdate
    sys.o(i.DrvSYS_SelectIPClockSource) refers to gpio.o(i.__ARM_common_switch8) for __ARM_common_switch8
    sys.o(i.DrvSYS_SetBODFunction) refers to sys.o(i.NVIC_DisableIRQ) for NVIC_DisableIRQ
    sys.o(i.DrvSYS_SetBODFunction) refers to sys.o(i.NVIC_SetPriority) for NVIC_SetPriority
    sys.o(i.DrvSYS_SetBODFunction) refers to sys.o(i.NVIC_EnableIRQ) for NVIC_EnableIRQ
    sys.o(i.DrvSYS_SetBODFunction) refers to sys.o(.data) for BOD_callbackFn
    sys.o(i.DrvSYS_SetClockDivider) refers to system_nuc1xx.o(i.SystemCoreClockUpdate) for SystemCoreClockUpdate
    sys.o(i.DrvSYS_SetFreqDividerOutput) refers to sys.o(i.DrvSYS_SetIPClock) for DrvSYS_SetIPClock
    sys.o(i.DrvSYS_SetPowerDownWakeUpInt) refers to sys.o(i.NVIC_SetPriority) for NVIC_SetPriority
    sys.o(i.DrvSYS_SetPowerDownWakeUpInt) refers to sys.o(i.NVIC_EnableIRQ) for NVIC_EnableIRQ
    sys.o(i.DrvSYS_SetPowerDownWakeUpInt) refers to sys.o(i.NVIC_DisableIRQ) for NVIC_DisableIRQ
    sys.o(i.DrvSYS_SetPowerDownWakeUpInt) refers to sys.o(.data) for PWRWU_callbackFn
    sys.o(i.PWRWU_IRQHandler) refers to sys.o(.data) for PWRWU_callbackFn
    spi.o(i.DrvSPI_3WireAbort) refers to spi.o(.data) for SPI_PORT
    spi.o(i.DrvSPI_BurstRead) refers to spi.o(.data) for SPI_PORT
    spi.o(i.DrvSPI_BurstTransfer) refers to spi.o(.data) for SPI_PORT
    spi.o(i.DrvSPI_BurstWrite) refers to spi.o(.data) for SPI_PORT
    spi.o(i.DrvSPI_Close) refers to spi.o(i.NVIC_DisableIRQ) for NVIC_DisableIRQ
    spi.o(i.DrvSPI_Close) refers to spi.o(.bss) for g_sSpiHandler
    spi.o(i.DrvSPI_Close) refers to spi.o(.data) for SPI_PORT
    spi.o(i.DrvSPI_Clr3WireStartIntFlag) refers to spi.o(.data) for SPI_PORT
    spi.o(i.DrvSPI_ClrGo) refers to spi.o(.data) for SPI_PORT
    spi.o(i.DrvSPI_ClrIntFlag) refers to spi.o(.data) for SPI_PORT
    spi.o(i.DrvSPI_ClrSS) refers to spi.o(.data) for SPI_PORT
    spi.o(i.DrvSPI_Disable3Wire) refers to spi.o(.data) for SPI_PORT
    spi.o(i.DrvSPI_Disable3WireStartInt) refers to spi.o(i.NVIC_DisableIRQ) for NVIC_DisableIRQ
    spi.o(i.DrvSPI_Disable3WireStartInt) refers to spi.o(.bss) for g_sSpiHandler
    spi.o(i.DrvSPI_Disable3WireStartInt) refers to spi.o(.data) for SPI_PORT
    spi.o(i.DrvSPI_DisableAutoSS) refers to spi.o(.data) for SPI_PORT
    spi.o(i.DrvSPI_DisableDivOne) refers to spi.o(.data) for SPI_PORT
    spi.o(i.DrvSPI_DisableInt) refers to spi.o(i.NVIC_DisableIRQ) for NVIC_DisableIRQ
    spi.o(i.DrvSPI_DisableInt) refers to spi.o(.bss) for g_sSpiHandler
    spi.o(i.DrvSPI_DisableInt) refers to spi.o(.data) for SPI_PORT
    spi.o(i.DrvSPI_DumpRxRegister) refers to spi.o(.data) for SPI_PORT
    spi.o(i.DrvSPI_Enable3Wire) refers to spi.o(.data) for SPI_PORT
    spi.o(i.DrvSPI_Enable3WireStartInt) refers to spi.o(i.NVIC_SetPriority) for NVIC_SetPriority
    spi.o(i.DrvSPI_Enable3WireStartInt) refers to spi.o(i.NVIC_EnableIRQ) for NVIC_EnableIRQ
    spi.o(i.DrvSPI_Enable3WireStartInt) refers to spi.o(.bss) for g_sSpiHandler
    spi.o(i.DrvSPI_Enable3WireStartInt) refers to spi.o(.data) for SPI_PORT
    spi.o(i.DrvSPI_EnableAutoSS) refers to spi.o(.data) for SPI_PORT
    spi.o(i.DrvSPI_EnableDivOne) refers to spi.o(.data) for SPI_PORT
    spi.o(i.DrvSPI_EnableInt) refers to spi.o(i.NVIC_SetPriority) for NVIC_SetPriority
    spi.o(i.DrvSPI_EnableInt) refers to spi.o(i.NVIC_EnableIRQ) for NVIC_EnableIRQ
    spi.o(i.DrvSPI_EnableInt) refers to spi.o(.bss) for g_sSpiHandler
    spi.o(i.DrvSPI_EnableInt) refers to spi.o(.data) for SPI_PORT
    spi.o(i.DrvSPI_Get3WireStartIntFlag) refers to spi.o(.data) for SPI_PORT
    spi.o(i.DrvSPI_GetClock1Freq) refers to sys.o(i.DrvSYS_GetHCLKFreq) for DrvSYS_GetHCLKFreq
    spi.o(i.DrvSPI_GetClock1Freq) refers to aeabi_sdiv.o(.text) for __aeabi_uidivmod
    spi.o(i.DrvSPI_GetClock1Freq) refers to spi.o(.data) for SPI_PORT
    spi.o(i.DrvSPI_GetClock2Freq) refers to sys.o(i.DrvSYS_GetHCLKFreq) for DrvSYS_GetHCLKFreq
    spi.o(i.DrvSPI_GetClock2Freq) refers to aeabi_sdiv.o(.text) for __aeabi_uidivmod
    spi.o(i.DrvSPI_GetClock2Freq) refers to spi.o(.data) for SPI_PORT
    spi.o(i.DrvSPI_GetIntFlag) refers to spi.o(.data) for SPI_PORT
    spi.o(i.DrvSPI_GetLevelTriggerStatus) refers to spi.o(.data) for SPI_PORT
    spi.o(i.DrvSPI_IsBusy) refers to spi.o(.data) for SPI_PORT
    spi.o(i.DrvSPI_Open) refers to spi.o(.bss) for g_sSpiHandler
    spi.o(i.DrvSPI_Open) refers to spi.o(.data) for SPI_PORT
    spi.o(i.DrvSPI_Set2BitTransferMode) refers to spi.o(.data) for SPI_PORT
    spi.o(i.DrvSPI_SetBitLength) refers to spi.o(.data) for SPI_PORT
    spi.o(i.DrvSPI_SetByteReorder) refers to spi.o(.data) for SPI_PORT
    spi.o(i.DrvSPI_SetClockFreq) refers to sys.o(i.DrvSYS_GetHCLKFreq) for DrvSYS_GetHCLKFreq
    spi.o(i.DrvSPI_SetClockFreq) refers to aeabi_sdiv.o(.text) for __aeabi_uidivmod
    spi.o(i.DrvSPI_SetClockFreq) refers to spi.o(.data) for SPI_PORT
    spi.o(i.DrvSPI_SetEndian) refers to spi.o(.data) for SPI_PORT
    spi.o(i.DrvSPI_SetGo) refers to spi.o(.data) for SPI_PORT
    spi.o(i.DrvSPI_SetPDMA) refers to spi.o(.data) for SPI_PORT
    spi.o(i.DrvSPI_SetSS) refers to spi.o(.data) for SPI_PORT
    spi.o(i.DrvSPI_SetSlaveSelectActiveLevel) refers to spi.o(.data) for SPI_PORT
    spi.o(i.DrvSPI_SetSuspendCycle) refers to spi.o(.data) for SPI_PORT
    spi.o(i.DrvSPI_SetTriggerMode) refers to spi.o(.data) for SPI_PORT
    spi.o(i.DrvSPI_SetTxRegister) refers to spi.o(.data) for SPI_PORT
    spi.o(i.DrvSPI_SetVariableClockFunction) refers to spi.o(.data) for SPI_PORT
    spi.o(i.DrvSPI_SingleRead) refers to spi.o(.data) for SPI_PORT
    spi.o(i.DrvSPI_SingleWrite) refers to spi.o(.data) for SPI_PORT
    spi.o(i.DrvSPI_SingleWrite_byte) refers to spi.o(.data) for SPI_PORT
    spi.o(i.SPI0_IRQHandler) refers to spi.o(.bss) for g_sSpiHandler
    spi.o(i.SPI1_IRQHandler) refers to spi.o(.bss) for g_sSpiHandler
    spi.o(i.SPI2_IRQHandler) refers to spi.o(.bss) for g_sSpiHandler
    spi.o(i.SPI3_IRQHandler) refers to spi.o(.bss) for g_sSpiHandler
    __main.o(!!!main) refers to __rtentry.o(.ARM.Collect$$rtentry$$00000000) for __rt_entry
    drlef.o(x$fpl$drleqf) refers (Special) to usenofp.o(x$fpl$usenofp) for __I$use$fp
    drlef.o(x$fpl$drleqf) refers to dcmpin.o(.text) for __fpl_dcmp_InfNaN
    f2d.o(.text) refers (Special) to usenofp.o(x$fpl$usenofp) for __I$use$fp
    faddsub.o(x$fpl$fadd) refers (Special) to usenofp.o(x$fpl$usenofp) for __I$use$fp
    faddsub.o(x$fpl$fadd) refers to faddsub.o(x$fpl$fsub) for _fsub1
    faddsub.o(x$fpl$frsb) refers (Special) to usenofp.o(x$fpl$usenofp) for __I$use$fp
    faddsub.o(x$fpl$frsb) refers to faddsub.o(x$fpl$fsub) for _fsub1
    faddsub.o(x$fpl$frsb) refers to faddsub.o(x$fpl$fadd) for _fadd1
    faddsub.o(x$fpl$fsub) refers (Special) to usenofp.o(x$fpl$usenofp) for __I$use$fp
    faddsub.o(x$fpl$fsub) refers to faddsub.o(x$fpl$fadd) for _fadd1
    fdiv.o(.text) refers (Special) to usenofp.o(x$fpl$usenofp) for __I$use$fp
    fdiv.o(.text) refers to fdiv.o(.constdata) for .constdata
    fdiv.o(.constdata) refers (Special) to usenofp.o(x$fpl$usenofp) for __I$use$fp
    ffixi.o(.text) refers (Special) to usenofp.o(x$fpl$usenofp) for __I$use$fp
    fflti.o(.text) refers (Special) to usenofp.o(x$fpl$usenofp) for __I$use$fp
    fmul.o(x$fpl$fmul) refers (Special) to usenofp.o(x$fpl$usenofp) for __I$use$fp
    __rtentry.o(.ARM.Collect$$rtentry$$00000000) refers (Special) to __rtentry2.o(.ARM.Collect$$rtentry$$0000000A) for __rt_entry_li
    __rtentry.o(.ARM.Collect$$rtentry$$00000000) refers (Special) to __rtentry2.o(.ARM.Collect$$rtentry$$0000000D) for __rt_entry_main
    __rtentry.o(.ARM.Collect$$rtentry$$00000000) refers (Special) to __rtentry2.o(.ARM.Collect$$rtentry$$0000000C) for __rt_entry_postli_1
    __rtentry.o(.ARM.Collect$$rtentry$$00000000) refers (Special) to __rtentry2.o(.ARM.Collect$$rtentry$$00000009) for __rt_entry_postsh_1
    __rtentry.o(.ARM.Collect$$rtentry$$00000000) refers (Special) to __rtentry2.o(.ARM.Collect$$rtentry$$00000002) for __rt_entry_presh_1
    __rtentry.o(.ARM.Collect$$rtentry$$00000000) refers (Special) to __rtentry4.o(.ARM.Collect$$rtentry$$00000004) for __rt_entry_sh
    aeabi_idiv0_sigfpe.o(.text) refers to rt_div0.o(.text) for __rt_div0
    dcmpin.o(.text) refers (Special) to usenofp.o(x$fpl$usenofp) for __I$use$fp
    dcmpin.o(.text) refers to cmpret.o(.text) for __fpl_cmpreturn
    dcmpin.o(.text) refers to dnan2.o(.text) for __fpl_dcheck_NaN2
    __rtentry2.o(.ARM.Collect$$rtentry$$00000008) refers to boardinit2.o(.text) for _platform_post_stackheap_init
    __rtentry2.o(.ARM.Collect$$rtentry$$0000000A) refers to libinit.o(.ARM.Collect$$libinit$$00000000) for __rt_lib_init
    __rtentry2.o(.ARM.Collect$$rtentry$$0000000B) refers to boardinit3.o(.text) for _platform_post_lib_init
    __rtentry2.o(.ARM.Collect$$rtentry$$0000000D) refers to main.o(i.main) for main
    __rtentry2.o(.ARM.Collect$$rtentry$$0000000D) refers to exit.o(.text) for exit
    __rtentry2.o(.ARM.exidx) refers to __rtentry2.o(.ARM.Collect$$rtentry$$00000001) for .ARM.Collect$$rtentry$$00000001
    __rtentry2.o(.ARM.exidx) refers to __rtentry2.o(.ARM.Collect$$rtentry$$00000008) for .ARM.Collect$$rtentry$$00000008
    __rtentry2.o(.ARM.exidx) refers to __rtentry2.o(.ARM.Collect$$rtentry$$0000000A) for .ARM.Collect$$rtentry$$0000000A
    __rtentry2.o(.ARM.exidx) refers to __rtentry2.o(.ARM.Collect$$rtentry$$0000000B) for .ARM.Collect$$rtentry$$0000000B
    __rtentry2.o(.ARM.exidx) refers to __rtentry2.o(.ARM.Collect$$rtentry$$0000000D) for .ARM.Collect$$rtentry$$0000000D
    __rtentry4.o(.ARM.Collect$$rtentry$$00000004) refers to sys_stackheap_outer.o(.text) for __user_setup_stackheap
    __rtentry4.o(.ARM.exidx) refers to __rtentry4.o(.ARM.Collect$$rtentry$$00000004) for .ARM.Collect$$rtentry$$00000004
    rt_div0.o(.text) refers to defsig_fpe_outer.o(.text) for __rt_SIGFPE
    cmpret.o(.text) refers (Special) to usenofp.o(x$fpl$usenofp) for __I$use$fp
    dnan2.o(.text) refers (Special) to usenofp.o(x$fpl$usenofp) for __I$use$fp
    dnan2.o(.text) refers to retnan.o(.text) for __fpl_return_NaN
    sys_stackheap_outer.o(.text) refers to libspace.o(.text) for __user_perproc_libspace
    sys_stackheap_outer.o(.text) refers to startup_nuc1xx.o(.text) for __user_initial_stackheap
    sys_stackheap_outer.o(__vectab_stack_and_reset_area) refers to tempstk.o(.text) for __temporary_stack_top
    sys_stackheap_outer.o(__vectab_stack_and_reset_area) refers to __main.o(!!!main) for __main
    exit.o(.text) refers to rtexit.o(.ARM.Collect$$rtexit$$00000000) for __rt_exit
    defsig_fpe_outer.o(.text) refers to defsig_fpe_inner.o(.text) for __rt_SIGFPE_inner
    defsig_fpe_outer.o(.text) refers to defsig_exit.o(.text) for __sig_exit
    defsig_fpe_formal.o(.text) refers to rt_raise.o(.text) for __rt_raise
    libinit.o(.ARM.Collect$$libinit$$00000000) refers (Special) to libinit2.o(.ARM.Collect$$libinit$$0000002E) for __rt_lib_init_alloca_1
    libinit.o(.ARM.Collect$$libinit$$00000000) refers (Special) to libinit2.o(.ARM.Collect$$libinit$$0000002C) for __rt_lib_init_argv_1
    libinit.o(.ARM.Collect$$libinit$$00000000) refers (Special) to libinit2.o(.ARM.Collect$$libinit$$0000001B) for __rt_lib_init_atexit_1
    libinit.o(.ARM.Collect$$libinit$$00000000) refers (Special) to libinit2.o(.ARM.Collect$$libinit$$00000021) for __rt_lib_init_clock_1
    libinit.o(.ARM.Collect$$libinit$$00000000) refers (Special) to libinit2.o(.ARM.Collect$$libinit$$00000032) for __rt_lib_init_cpp_1
    libinit.o(.ARM.Collect$$libinit$$00000000) refers (Special) to libinit2.o(.ARM.Collect$$libinit$$00000030) for __rt_lib_init_exceptions_1
    libinit.o(.ARM.Collect$$libinit$$00000000) refers (Special) to libinit2.o(.ARM.Collect$$libinit$$00000002) for __rt_lib_init_fp_1
    libinit.o(.ARM.Collect$$libinit$$00000000) refers (Special) to libinit2.o(.ARM.Collect$$libinit$$0000001F) for __rt_lib_init_fp_trap_1
    libinit.o(.ARM.Collect$$libinit$$00000000) refers (Special) to libinit2.o(.ARM.Collect$$libinit$$00000023) for __rt_lib_init_getenv_1
    libinit.o(.ARM.Collect$$libinit$$00000000) refers (Special) to libinit2.o(.ARM.Collect$$libinit$$0000000A) for __rt_lib_init_heap_1
    libinit.o(.ARM.Collect$$libinit$$00000000) refers (Special) to libinit2.o(.ARM.Collect$$libinit$$00000011) for __rt_lib_init_lc_collate_1
    libinit.o(.ARM.Collect$$libinit$$00000000) refers (Special) to libinit2.o(.ARM.Collect$$libinit$$00000013) for __rt_lib_init_lc_ctype_1
    libinit.o(.ARM.Collect$$libinit$$00000000) refers (Special) to libinit2.o(.ARM.Collect$$libinit$$00000015) for __rt_lib_init_lc_monetary_1
    libinit.o(.ARM.Collect$$libinit$$00000000) refers (Special) to libinit2.o(.ARM.Collect$$libinit$$00000017) for __rt_lib_init_lc_numeric_1
    libinit.o(.ARM.Collect$$libinit$$00000000) refers (Special) to libinit2.o(.ARM.Collect$$libinit$$00000019) for __rt_lib_init_lc_time_1
    libinit.o(.ARM.Collect$$libinit$$00000000) refers (Special) to libinit2.o(.ARM.Collect$$libinit$$00000004) for __rt_lib_init_preinit_1
    libinit.o(.ARM.Collect$$libinit$$00000000) refers (Special) to libinit2.o(.ARM.Collect$$libinit$$0000000E) for __rt_lib_init_rand_1
    libinit.o(.ARM.Collect$$libinit$$00000000) refers (Special) to libinit2.o(.ARM.Collect$$libinit$$00000033) for __rt_lib_init_return
    libinit.o(.ARM.Collect$$libinit$$00000000) refers (Special) to libinit2.o(.ARM.Collect$$libinit$$0000001D) for __rt_lib_init_signal_1
    libinit.o(.ARM.Collect$$libinit$$00000000) refers (Special) to libinit2.o(.ARM.Collect$$libinit$$00000025) for __rt_lib_init_stdio_1
    libinit.o(.ARM.Collect$$libinit$$00000000) refers (Special) to libinit2.o(.ARM.Collect$$libinit$$0000000C) for __rt_lib_init_user_alloc_1
    retnan.o(.text) refers (Special) to usenofp.o(x$fpl$usenofp) for __I$use$fp
    retnan.o(.text) refers to cmpret.o(.text) for __fpl_cmpreturn
    libspace.o(.text) refers to libspace.o(.bss) for __libspace_start
    rtexit.o(.ARM.Collect$$rtexit$$00000000) refers (Special) to rtexit2.o(.ARM.Collect$$rtexit$$00000004) for __rt_exit_exit
    rtexit.o(.ARM.Collect$$rtexit$$00000000) refers (Special) to rtexit2.o(.ARM.Collect$$rtexit$$00000003) for __rt_exit_ls
    rtexit.o(.ARM.Collect$$rtexit$$00000000) refers (Special) to rtexit2.o(.ARM.Collect$$rtexit$$00000002) for __rt_exit_prels_1
    rtexit.o(.ARM.exidx) refers (Special) to rtexit2.o(.ARM.Collect$$rtexit$$00000004) for __rt_exit_exit
    rtexit.o(.ARM.exidx) refers (Special) to rtexit2.o(.ARM.Collect$$rtexit$$00000003) for __rt_exit_ls
    rtexit.o(.ARM.exidx) refers (Special) to rtexit2.o(.ARM.Collect$$rtexit$$00000002) for __rt_exit_prels_1
    rtexit.o(.ARM.exidx) refers to rtexit.o(.ARM.Collect$$rtexit$$00000000) for .ARM.Collect$$rtexit$$00000000
    rt_raise.o(.text) refers to __raise.o(.text) for __raise
    rt_raise.o(.text) refers to sys_exit.o(.text) for _sys_exit
    defsig_exit.o(.text) refers to sys_exit.o(.text) for _sys_exit
    defsig_fpe_inner.o(.text) refers to defsig_general.o(.text) for __default_signal_display
    libinit2.o(.ARM.Collect$$libinit$$00000010) refers to libinit2.o(.ARM.Collect$$libinit$$0000000F) for .ARM.Collect$$libinit$$0000000F
    libinit2.o(.ARM.Collect$$libinit$$00000012) refers to libinit2.o(.ARM.Collect$$libinit$$0000000F) for .ARM.Collect$$libinit$$0000000F
    libinit2.o(.ARM.Collect$$libinit$$00000014) refers to libinit2.o(.ARM.Collect$$libinit$$0000000F) for .ARM.Collect$$libinit$$0000000F
    libinit2.o(.ARM.Collect$$libinit$$00000016) refers to libinit2.o(.ARM.Collect$$libinit$$0000000F) for .ARM.Collect$$libinit$$0000000F
    libinit2.o(.ARM.Collect$$libinit$$00000018) refers to libinit2.o(.ARM.Collect$$libinit$$0000000F) for .ARM.Collect$$libinit$$0000000F
    libinit2.o(.ARM.Collect$$libinit$$00000026) refers to argv_veneer.o(.text) for __ARM_argv_veneer
    libinit2.o(.ARM.Collect$$libinit$$00000027) refers to argv_veneer.o(.text) for __ARM_argv_veneer
    sys_exit.o(.text) refers (Special) to use_no_semi.o(.text) for __I$use$semihosting
    sys_exit.o(.text) refers (Special) to indicate_semi.o(.text) for __semihosting_library_function
    rtexit2.o(.ARM.Collect$$rtexit$$00000003) refers to libshutdown.o(.ARM.Collect$$libshutdown$$00000000) for __rt_lib_shutdown
    rtexit2.o(.ARM.Collect$$rtexit$$00000004) refers to sys_exit.o(.text) for _sys_exit
    rtexit2.o(.ARM.exidx) refers to rtexit2.o(.ARM.Collect$$rtexit$$00000001) for .ARM.Collect$$rtexit$$00000001
    rtexit2.o(.ARM.exidx) refers to rtexit2.o(.ARM.Collect$$rtexit$$00000003) for .ARM.Collect$$rtexit$$00000003
    rtexit2.o(.ARM.exidx) refers to rtexit2.o(.ARM.Collect$$rtexit$$00000004) for .ARM.Collect$$rtexit$$00000004
    __raise.o(.text) refers to defsig.o(CL$$defsig) for __default_signal_handler
    defsig_general.o(.text) refers to sys_wrch.o(.text) for _ttywrch
    sys_wrch.o(.text) refers (Special) to use_no_semi.o(.text) for __I$use$semihosting
    sys_wrch.o(.text) refers (Special) to indicate_semi.o(.text) for __semihosting_library_function
    defsig.o(CL$$defsig) refers to defsig_fpe_inner.o(.text) for __rt_SIGFPE_inner
    defsig.o(CL$$defsig) refers to defsig_rtmem_inner.o(.text) for __rt_SIGRTMEM_inner
    _get_argv_nomalloc.o(.text) refers (Special) to hrguard.o(.text) for __heap_region$guard
    _get_argv_nomalloc.o(.text) refers to defsig_rtmem_outer.o(.text) for __rt_SIGRTMEM
    _get_argv_nomalloc.o(.text) refers to sys_command.o(.text) for _sys_command_string
    libshutdown.o(.ARM.Collect$$libshutdown$$00000000) refers (Special) to libshutdown2.o(.ARM.Collect$$libshutdown$$00000004) for __rt_lib_shutdown_cpp_1
    libshutdown.o(.ARM.Collect$$libshutdown$$00000000) refers (Special) to libshutdown2.o(.ARM.Collect$$libshutdown$$00000002) for __rt_lib_shutdown_fini_1
    libshutdown.o(.ARM.Collect$$libshutdown$$00000000) refers (Special) to libshutdown2.o(.ARM.Collect$$libshutdown$$00000009) for __rt_lib_shutdown_fp_trap_1
    libshutdown.o(.ARM.Collect$$libshutdown$$00000000) refers (Special) to libshutdown2.o(.ARM.Collect$$libshutdown$$00000011) for __rt_lib_shutdown_heap_1
    libshutdown.o(.ARM.Collect$$libshutdown$$00000000) refers (Special) to libshutdown2.o(.ARM.Collect$$libshutdown$$00000012) for __rt_lib_shutdown_return
    libshutdown.o(.ARM.Collect$$libshutdown$$00000000) refers (Special) to libshutdown2.o(.ARM.Collect$$libshutdown$$0000000C) for __rt_lib_shutdown_signal_1
    libshutdown.o(.ARM.Collect$$libshutdown$$00000000) refers (Special) to libshutdown2.o(.ARM.Collect$$libshutdown$$00000006) for __rt_lib_shutdown_stdio_1
    libshutdown.o(.ARM.Collect$$libshutdown$$00000000) refers (Special) to libshutdown2.o(.ARM.Collect$$libshutdown$$0000000E) for __rt_lib_shutdown_user_alloc_1
    sys_command.o(.text) refers (Special) to use_no_semi.o(.text) for __I$use$semihosting
    sys_command.o(.text) refers (Special) to indicate_semi.o(.text) for __semihosting_library_function
    defsig_abrt_inner.o(.text) refers to defsig_general.o(.text) for __default_signal_display
    defsig_rtred_inner.o(.text) refers to defsig_general.o(.text) for __default_signal_display
    defsig_rtmem_inner.o(.text) refers to defsig_general.o(.text) for __default_signal_display
    defsig_rtmem_outer.o(.text) refers to defsig_rtmem_inner.o(.text) for __rt_SIGRTMEM_inner
    defsig_rtmem_outer.o(.text) refers to defsig_exit.o(.text) for __sig_exit
    defsig_rtmem_formal.o(.text) refers to rt_raise.o(.text) for __rt_raise
    defsig_stak_inner.o(.text) refers to defsig_general.o(.text) for __default_signal_display
    defsig_pvfn_inner.o(.text) refers to defsig_general.o(.text) for __default_signal_display
    defsig_cppl_inner.o(.text) refers to defsig_general.o(.text) for __default_signal_display
    defsig_segv_inner.o(.text) refers to defsig_general.o(.text) for __default_signal_display
    defsig_other.o(.text) refers to defsig_general.o(.text) for __default_signal_display


==============================================================================

Removing Unused input sections from the image.

    Removing core_cm0.o(.emb_text), (32 bytes).
    Removing system_nuc1xx.o(i.SystemCoreClockUpdate), (160 bytes).
    Removing lcd.o(i.draw_Bmp16x16), (108 bytes).
    Removing lcd.o(i.draw_Bmp16x32), (108 bytes).
    Removing lcd.o(i.draw_Bmp16x48), (110 bytes).
    Removing lcd.o(i.draw_Bmp16x64), (110 bytes).
    Removing lcd.o(i.draw_Bmp16x8), (86 bytes).
    Removing lcd.o(i.draw_Bmp32x16), (144 bytes).
    Removing lcd.o(i.draw_Bmp32x32), (144 bytes).
    Removing lcd.o(i.draw_Bmp32x48), (144 bytes).
    Removing lcd.o(i.draw_Bmp32x64), (144 bytes).
    Removing lcd.o(i.draw_Bmp64x64), (144 bytes).
    Removing lcd.o(i.draw_Bmp8x16), (140 bytes).
    Removing lcd.o(i.draw_Bmp8x8), (86 bytes).
    Removing lcd.o(i.draw_LCD), (52 bytes).
    Removing lcd.o(i.draw_Pixel), (176 bytes).
    Removing lcd.o(i.printC_5x7), (96 bytes).
    Removing lcd.o(i.printS), (42 bytes).
    Removing lcd.o(i.printS_5x7), (42 bytes).
    Removing scankey.o(i.CloseKeyPad), (24 bytes).
    Removing scankey.o(i.OpenKeyPad), (26 bytes).
    Removing scankey.o(i.ScanKey), (132 bytes).
    Removing scankey.o(i.delay), (16 bytes).
    Removing scankey.o(.constdata), (4 bytes).
    Removing seven_segment.o(i.close_seven_segment), (36 bytes).
    Removing seven_segment.o(i.show_seven_segment), (64 bytes).
    Removing seven_segment.o(.data), (16 bytes).
    Removing gpio.o(i.DrvGPIO_Close), (68 bytes).
    Removing gpio.o(i.DrvGPIO_ClrBitMask), (36 bytes).
    Removing gpio.o(i.DrvGPIO_ClrPortMask), (32 bytes).
    Removing gpio.o(i.DrvGPIO_DisableDebounce), (52 bytes).
    Removing gpio.o(i.DrvGPIO_DisableDigitalInputBit), (40 bytes).
    Removing gpio.o(i.DrvGPIO_DisableEINT0), (36 bytes).
    Removing gpio.o(i.DrvGPIO_DisableEINT1), (36 bytes).
    Removing gpio.o(i.DrvGPIO_DisableInt), (80 bytes).
    Removing gpio.o(i.DrvGPIO_EnableDebounce), (52 bytes).
    Removing gpio.o(i.DrvGPIO_EnableDigitalInputBit), (40 bytes).
    Removing gpio.o(i.DrvGPIO_EnableEINT0), (152 bytes).
    Removing gpio.o(i.DrvGPIO_EnableEINT1), (152 bytes).
    Removing gpio.o(i.DrvGPIO_EnableInt), (240 bytes).
    Removing gpio.o(i.DrvGPIO_GetBit), (44 bytes).
    Removing gpio.o(i.DrvGPIO_GetBitMask), (28 bytes).
    Removing gpio.o(i.DrvGPIO_GetDebounceSampleCycle), (16 bytes).
    Removing gpio.o(i.DrvGPIO_GetDoutBit), (40 bytes).
    Removing gpio.o(i.DrvGPIO_GetIntStatus), (16 bytes).
    Removing gpio.o(i.DrvGPIO_GetPortBits), (16 bytes).
    Removing gpio.o(i.DrvGPIO_GetPortDoutBits), (28 bytes).
    Removing gpio.o(i.DrvGPIO_GetPortMask), (16 bytes).
    Removing gpio.o(i.DrvGPIO_GetVersion), (8 bytes).
    Removing gpio.o(i.DrvGPIO_SetBitMask), (36 bytes).
    Removing gpio.o(i.DrvGPIO_SetDebounceTime), (64 bytes).
    Removing gpio.o(i.DrvGPIO_SetIntCallback), (20 bytes).
    Removing gpio.o(i.DrvGPIO_SetPortBits), (20 bytes).
    Removing gpio.o(i.DrvGPIO_SetPortMask), (32 bytes).
    Removing gpio.o(i.NVIC_DisableIRQ), (20 bytes).
    Removing gpio.o(i.NVIC_EnableIRQ), (20 bytes).
    Removing gpio.o(i.NVIC_SetPriority), (120 bytes).
    Removing sys.o(i.DrvSYS_ClearClockSwitchStatus), (20 bytes).
    Removing sys.o(i.DrvSYS_ClearResetSource), (12 bytes).
    Removing sys.o(i.DrvSYS_DisableBODLowPowerMode), (18 bytes).
    Removing sys.o(i.DrvSYS_DisableHighPerformanceMode), (18 bytes).
    Removing sys.o(i.DrvSYS_DisableLowVoltReset), (18 bytes).
    Removing sys.o(i.DrvSYS_DisablePOR), (12 bytes).
    Removing sys.o(i.DrvSYS_DisableTemperatureSensor), (18 bytes).
    Removing sys.o(i.DrvSYS_EnableBODLowPowerMode), (20 bytes).
    Removing sys.o(i.DrvSYS_EnableHighPerformanceMode), (20 bytes).
    Removing sys.o(i.DrvSYS_EnableLowVoltReset), (20 bytes).
    Removing sys.o(i.DrvSYS_EnablePOR), (10 bytes).
    Removing sys.o(i.DrvSYS_EnableTemperatureSensor), (20 bytes).
    Removing sys.o(i.DrvSYS_EnterPowerDown), (56 bytes).
    Removing sys.o(i.DrvSYS_GetBODState), (12 bytes).
    Removing sys.o(i.DrvSYS_GetChipClockSourceStatus), (88 bytes).
    Removing sys.o(i.DrvSYS_GetClockSwitchStatus), (16 bytes).
    Removing sys.o(i.DrvSYS_GetExtClockFreq), (8 bytes).
    Removing sys.o(i.DrvSYS_GetPLLContent), (196 bytes).
    Removing sys.o(i.DrvSYS_GetResetSource), (8 bytes).
    Removing sys.o(i.DrvSYS_GetVersion), (8 bytes).
    Removing sys.o(i.DrvSYS_IsProtectedRegLocked), (16 bytes).
    Removing sys.o(i.DrvSYS_LockProtectedReg), (36 bytes).
    Removing sys.o(i.DrvSYS_Open), (192 bytes).
    Removing sys.o(i.DrvSYS_ReadProductID), (8 bytes).
    Removing sys.o(i.DrvSYS_ResetCPU), (20 bytes).
    Removing sys.o(i.DrvSYS_ResetChip), (20 bytes).
    Removing sys.o(i.DrvSYS_ResetIP), (110 bytes).
    Removing sys.o(i.DrvSYS_SelectBODVolt), (26 bytes).
    Removing sys.o(i.DrvSYS_SelectHCLKSource), (56 bytes).
    Removing sys.o(i.DrvSYS_SelectIPClockSource), (352 bytes).
    Removing sys.o(i.DrvSYS_SelectPLLSource), (32 bytes).
    Removing sys.o(i.DrvSYS_SelectSysTickSource), (52 bytes).
    Removing sys.o(i.DrvSYS_SetBODFunction), (92 bytes).
    Removing sys.o(i.DrvSYS_SetClockDivider), (136 bytes).
    Removing sys.o(i.DrvSYS_SetFreqDividerOutput), (76 bytes).
    Removing sys.o(i.DrvSYS_SetIPClock), (120 bytes).
    Removing sys.o(i.DrvSYS_SetOscCtrl), (128 bytes).
    Removing sys.o(i.DrvSYS_SetPLLContent), (76 bytes).
    Removing sys.o(i.DrvSYS_SetPLLMode), (52 bytes).
    Removing sys.o(i.DrvSYS_SetPowerDownWakeUpInt), (108 bytes).
    Removing sys.o(i.DrvSYS_UnlockProtectedReg), (44 bytes).
    Removing sys.o(i.NVIC_DisableIRQ), (20 bytes).
    Removing sys.o(i.NVIC_EnableIRQ), (20 bytes).
    Removing sys.o(i.NVIC_SetPriority), (120 bytes).
    Removing spi.o(i.DrvSPI_3WireAbort), (32 bytes).
    Removing spi.o(i.DrvSPI_BurstRead), (72 bytes).
    Removing spi.o(i.DrvSPI_BurstTransfer), (112 bytes).
    Removing spi.o(i.DrvSPI_BurstWrite), (72 bytes).
    Removing spi.o(i.DrvSPI_Close), (324 bytes).
    Removing spi.o(i.DrvSPI_Clr3WireStartIntFlag), (32 bytes).
    Removing spi.o(i.DrvSPI_ClrGo), (28 bytes).
    Removing spi.o(i.DrvSPI_ClrIntFlag), (32 bytes).
    Removing spi.o(i.DrvSPI_ClrSS), (48 bytes).
    Removing spi.o(i.DrvSPI_Disable3Wire), (28 bytes).
    Removing spi.o(i.DrvSPI_Disable3WireStartInt), (100 bytes).
    Removing spi.o(i.DrvSPI_DisableDivOne), (28 bytes).
    Removing spi.o(i.DrvSPI_DisableInt), (100 bytes).
    Removing spi.o(i.DrvSPI_DumpRxRegister), (48 bytes).
    Removing spi.o(i.DrvSPI_Enable3Wire), (32 bytes).
    Removing spi.o(i.DrvSPI_Enable3WireStartInt), (140 bytes).
    Removing spi.o(i.DrvSPI_EnableAutoSS), (56 bytes).
    Removing spi.o(i.DrvSPI_EnableDivOne), (28 bytes).
    Removing spi.o(i.DrvSPI_EnableInt), (140 bytes).
    Removing spi.o(i.DrvSPI_Get3WireStartIntFlag), (20 bytes).
    Removing spi.o(i.DrvSPI_GetClock1Freq), (36 bytes).
    Removing spi.o(i.DrvSPI_GetClock2Freq), (36 bytes).
    Removing spi.o(i.DrvSPI_GetIntFlag), (20 bytes).
    Removing spi.o(i.DrvSPI_GetLevelTriggerStatus), (32 bytes).
    Removing spi.o(i.DrvSPI_GetVersion), (8 bytes).
    Removing spi.o(i.DrvSPI_Set2BitTransferMode), (80 bytes).
    Removing spi.o(i.DrvSPI_SetBitLength), (64 bytes).
    Removing spi.o(i.DrvSPI_SetByteReorder), (112 bytes).
    Removing spi.o(i.DrvSPI_SetGo), (28 bytes).
    Removing spi.o(i.DrvSPI_SetPDMA), (112 bytes).
    Removing spi.o(i.DrvSPI_SetSS), (36 bytes).
    Removing spi.o(i.DrvSPI_SetSuspendCycle), (88 bytes).
    Removing spi.o(i.DrvSPI_SetTriggerMode), (36 bytes).
    Removing spi.o(i.DrvSPI_SetTxRegister), (48 bytes).
    Removing spi.o(i.DrvSPI_SetVariableClockFunction), (68 bytes).
    Removing spi.o(i.DrvSPI_SingleRead), (64 bytes).
    Removing spi.o(i.DrvSPI_SingleWrite), (64 bytes).
    Removing spi.o(i.DrvSPI_SingleWrite_byte), (60 bytes).
    Removing spi.o(i.NVIC_DisableIRQ), (20 bytes).
    Removing spi.o(i.NVIC_EnableIRQ), (20 bytes).
    Removing spi.o(i.NVIC_SetPriority), (120 bytes).

142 unused section(s) (total 9080 bytes) removed from the image.
